// Jest Snapshot v1, https://goo.gl/fbAQLP

exports[`HeroScreen should render component 1`] = `
Array [
  <h1
    className="text-center"
  >
    Ups Hero Do not found
  </h1>,
  <div
    className="text-center"
  >
    <button
      className="btn btn-link"
      onClick={[Function]}
      type="button"
    >
      Return Home
    </button>
  </div>,
]
`;

exports[`HeroScreen should render component with hero 1`] = `
<div
  className="row mt-5"
>
  <div
    className="col-4"
  >
    <img
      alt="Spider Man"
      className="img-thumbnail animate__animated animate__fadeInLeft"
      src="/assets/marvel-spider.jpg"
    />
  </div>
  <div
    className="col-8"
  >
    <h3>
      Spider Man
    </h3>
    <ul
      className="list-group list-group-flush"
    >
      <li
        className="list-group-item"
      >
        <b>
          Alter ego:
        </b>
         
        Peter Parker
      </li>
      <li
        className="list-group-item"
      >
        <b>
          Publisher:
        </b>
         
        Marvel Comics
      </li>
      <li
        className="list-group-item"
      >
        <b>
          First Appearance:
        </b>
         
        Amazing Fantasy #15
      </li>
    </ul>
    <h5
      className="mt-3"
    >
       Characteres
    </h5>
    <p>
      Peter Parker
    </p>
    <button
      className="btn btn-outline-info"
      onClick={[Function]}
    >
      Return
    </button>
  </div>
</div>
`;
